 NREP  EXP  TRT  NYR FILEX        DESCRIPTION
    1    1    1    1 TEST1801.MZX
