*SUMMARY : TEST1801MZ ocation, TE                                                  DSSAT Cropping System Model Ver. 4.7.5.039   -develop    JUN 16, 2021; 15:09:12

!IDENTIFIERS......................... EXPERIMENT AND TREATMENT.......... SITE INFORMATION.................. DATES..........................................  DRY WEIGHT, YIELD AND YIELD COMPONENTS........................................   FRESH WEIGHT.........................  WATER...............................................  NITROGEN..................................................  PHOSPHORUS............  POTASSIUM.............  ORGANIC MATTER..........................................    WATER PRODUCTIVITY..................................................    NITROGEN PRODUCTIVITY...........  SEASONAL ENVIRONMENTAL DATA (Planting to harvest)..............
@   RUNNO   TRNO R# O# P# CR MODEL... EXNAME.. TNAM..................... FNAM.... WSTA.... WYEAR SOIL_ID...    SDAT    PDAT    EDAT    ADAT    MDAT    HDAT  DWAP    CWAM    HWAM    HWAH    BWAH  PWAM    HWUM    H#AM    H#UM  HIAM  LAIX   FCWAM   FHWAM   HWAHF   FBWAH   FPWAM  IR#M  IRCM  PRCM  ETCM  EPCM  ESCM  ROCM  DRCM  SWXM  NI#M  NICM  NFXM  NUCM  NLCM  NIAM NMINC  CNAM  GNAM N2OEC  PI#M  PICM  PUPC  SPAM  KI#M  KICM  KUPC  SKAM  RECM  ONTAM   ONAM  OPTAM   OPAM   OCTAM    OCAM   CO2EC    DMPPM    DMPEM    DMPTM    DMPIM     YPPM     YPEM     YPTM     YPIM    DPNAM    DPNUM    YPNAM    YPNUM  NDCH TMAXA TMINA SRADA DAYLA   CO2A   PRCP   ETCP   ESCP   EPCP
        1      1  1  0  1 MZ MZIXM047 TEST1801 RAINFED HIGH NITROGEN            T TEST1801  2018 IB00000007 2018001 2018100 2018127 2018186 2018244 2018300   -99   23325   11206   11206       0 14980  0.2040    5563   585.6 0.480   4.1     -99     -99     -99    -990     -99     0     0  1186   905   498   407    76    78   208   -99   -99     0     0   -99   -99   -99     0     0   -99   -99   -99   -99   -99   -99   -99   -99   -99     0      0      0      0      0  101656  101656     -99     24.0     28.1     46.8      -99     11.5     13.5     22.5      -99      -99      -99      -99      -99   200  22.2  10.9  23.6  12.1  408.6  973.1  829.7  332.4  498.2
        1      1  1  0  1 MZ MZIXM047 TEST1801 RAINFED HIGH NITROGEN            T TEST1801  2018 IB00000007 2018001 2018100 2018127 2018186 2018244 2018300   -99   23325   11206   11206       0 14980  0.2040    5563   585.6 0.480   4.1     -99     -99     -99    -990     -99     0     0  1186   905   498   407    76    78   208   -99   -99     0     0   -99   -99   -99     0     0   -99   -99   -99   -99   -99   -99   -99   -99   -99     0      0      0      0      0  101656  101656     -99     24.0     28.1     46.8      -99     11.5     13.5     22.5      -99      -99      -99      -99      -99   200  22.2  10.9  23.6  12.1  408.6  973.1  829.7  332.4  498.2
        1      1  1  0  1 MZ MZIXM047 TEST1801 RAINFED HIGH NITROGEN            T TEST1801  2018 IB00000007 2018001 2018100 2018127 2018186 2018244 2018300   -99   23325   11206   11206       0 14980  0.2040    5563   585.6 0.480   4.1     -99     -99     -99    -990     -99     0     0  1186   905   498   407    76    78   208   -99   -99     0     0   -99   -99   -99     0     0   -99   -99   -99   -99   -99   -99   -99   -99   -99     0      0      0      0      0  101656  101656     -99     24.0     28.1     46.8      -99     11.5     13.5     22.5      -99      -99      -99      -99      -99   200  22.2  10.9  23.6  12.1  408.6  973.1  829.7  332.4  498.2
        1      1  1  0  1 MZ MZIXM047 TEST1801 RAINFED HIGH NITROGEN            T TEST1801  2018 IB00000007 2018001 2018100 2018127 2018186 2018244 2018300   -99   23325   11206   11206       0 14980  0.2040    5563   585.6 0.480   4.1     -99     -99     -99    -990     -99     0     0  1186   905   498   407    76    78   208   -99   -99     0     0   -99   -99   -99     0     0   -99   -99   -99   -99   -99   -99   -99   -99   -99     0      0      0      0      0  101656  101656     -99     24.0     28.1     46.8      -99     11.5     13.5     22.5      -99      -99      -99      -99      -99   200  22.2  10.9  23.6  12.1  408.6  973.1  829.7  332.4  498.2
