*SIMULATION OVERVIEW FILE


*MAIN GROWTH AND DEVELOPMENT VARIABLES

@     VARIABLE                                         SIMULATED     MEASURED
      --------                                         ---------     --------
      Anthesis day (dap)                                     -99          -99
      Physiological maturity day (dap)                       -99          -99
      Yield at harvest maturity (kg [dm]/ha)                   0          -99
      Number at maturity (no/m2)                               0          -99
      Unit wt at maturity (g [dm]/unit)                   0.0000          -99
      Number at maturity (no/unit)                           0.0          -99
      Tops weight at maturity (kg [dm]/ha)                     0          -99
      By-product produced (stalk) at maturity (kg[dm]/ha       0          -99
      Leaf area index, maximum                              0.00          -99
      Harvest index at maturity                            0.000          -99
      Grain N at maturity (kg/ha)                              0          -99
      Tops N at maturity (kg/ha)                               0          -99
      Stem N at maturity (kg/ha)                               0          -99
      Grain N at maturity (%)                                0.0          -99
      Tops weight at anthesis (kg [dm]/ha)                     0          -99
      Tops N at anthesis (kg/ha)                               0          -99
      Leaf number per stem at maturity                      0.00          -99


*ENVIRONMENTAL AND STRESS FACTORS

 |-----Development Phase------|--------------------------------------Environment--------------------------------------|-----------------Stress-----------------|
                              |---------------Average--------------|-----Cumulative-----|--------Count of days--------|          (0=Min, 1=Max Stress)         |
                         Time  Temp  Temp  Temp Solar Photop                Evapo    Pot TMIN TMIN TMAX TMAX TMAX RAIN|----Water----|---Nitrogen--|-Phosphorus-|
                         Span   Max   Min  Mean   Rad  [day]    CO2   Rain  Trans     ET   <    <    >    >    >    >   Photo         Photo         Photo
                         days    øC    øC    øC MJ/m2     hr    ppm     mm     mm     mm  0øC  2øC 30øC 32øC 34øC  0mm  synth Growth  synth Growth  synth Growth
----------------------------------------------------------------------------------------------------------------------------------------------------------------
   
 Planting to Harvest        0   0.0   0.0   0.0   0.0   0.00    0.0    0.0    0.0    0.0    0    0    0    0    0    0  0.000  0.000  0.000  0.000  0.000  0.000
----------------------------------------------------------------------------------------------------------------------------------------------------------------

--------------------------------------------------------------------------------------------------------------

                     Maize YIELD :        0 kg/ha    [Dry weight] 

**************************************************************************************************************


*MAIN GROWTH AND DEVELOPMENT VARIABLES

@     VARIABLE                                         SIMULATED     MEASURED
      --------                                         ---------     --------
      Anthesis day (dap)                                     -99          -99
      Physiological maturity day (dap)                       -99          -99
      Yield at harvest maturity (kg [dm]/ha)                   0          -99
      Number at maturity (no/m2)                               0          -99
      Unit wt at maturity (g [dm]/unit)                   0.0000          -99
      Number at maturity (no/unit)                           0.0          -99
      Tops weight at maturity (kg [dm]/ha)                     0          -99
      By-product produced (stalk) at maturity (kg[dm]/ha       0          -99
      Leaf area index, maximum                              0.00          -99
      Harvest index at maturity                            0.000          -99
      Grain N at maturity (kg/ha)                              0          -99
      Tops N at maturity (kg/ha)                               0          -99
      Stem N at maturity (kg/ha)                               0          -99
      Grain N at maturity (%)                                0.0          -99
      Tops weight at anthesis (kg [dm]/ha)                     0          -99
      Tops N at anthesis (kg/ha)                               0          -99
      Leaf number per stem at maturity                      0.00          -99


*ENVIRONMENTAL AND STRESS FACTORS

 |-----Development Phase------|--------------------------------------Environment--------------------------------------|-----------------Stress-----------------|
                              |---------------Average--------------|-----Cumulative-----|--------Count of days--------|          (0=Min, 1=Max Stress)         |
                         Time  Temp  Temp  Temp Solar Photop                Evapo    Pot TMIN TMIN TMAX TMAX TMAX RAIN|----Water----|---Nitrogen--|-Phosphorus-|
                         Span   Max   Min  Mean   Rad  [day]    CO2   Rain  Trans     ET   <    <    >    >    >    >   Photo         Photo         Photo
                         days    øC    øC    øC MJ/m2     hr    ppm     mm     mm     mm  0øC  2øC 30øC 32øC 34øC  0mm  synth Growth  synth Growth  synth Growth
----------------------------------------------------------------------------------------------------------------------------------------------------------------
   
 Planting to Harvest        0   0.0   0.0   0.0   0.0   0.00    0.0    0.0    0.0    0.0    0    0    0    0    0    0  0.000  0.000  0.000  0.000  0.000  0.000
----------------------------------------------------------------------------------------------------------------------------------------------------------------

--------------------------------------------------------------------------------------------------------------

                     Maize YIELD :        0 kg/ha    [Dry weight] 

**************************************************************************************************************
