*SUMMARY : TEST2001MZ ocation, TE                                                  DSSAT Cropping System Model Ver. 4.7.5.039   -develop    NOV 04, 2021; 14:03:48

!IDENTIFIERS......................... EXPERIMENT AND TREATMENT.......... SITE INFORMATION.................. DATES..........................................  DRY WEIGHT, YIELD AND YIELD COMPONENTS........................................   FRESH WEIGHT.........................  WATER...............................................  NITROGEN..................................................  PHOSPHORUS............  POTASSIUM.............  ORGANIC MATTER..........................................    WATER PRODUCTIVITY..................................................    NITROGEN PRODUCTIVITY...........  SEASONAL ENVIRONMENTAL DATA (Planting to harvest)..............
@   RUNNO   TRNO R# O# P# CR MODEL... EXNAME.. TNAM..................... FNAM.... WSTA.... WYEAR SOIL_ID...    SDAT    PDAT    EDAT    ADAT    MDAT    HDAT  DWAP    CWAM    HWAM    HWAH    BWAH  PWAM    HWUM    H#AM    H#UM  HIAM  LAIX   FCWAM   FHWAM   HWAHF   FBWAH   FPWAM  IR#M  IRCM  PRCM  ETCM  EPCM  ESCM  ROCM  DRCM  SWXM  NI#M  NICM  NFXM  NUCM  NLCM  NIAM NMINC  CNAM  GNAM N2OEC  PI#M  PICM  PUPC  SPAM  KI#M  KICM  KUPC  SKAM  RECM  ONTAM   ONAM  OPTAM   OPAM   OCTAM    OCAM   CO2EC    DMPPM    DMPEM    DMPTM    DMPIM     YPPM     YPEM     YPTM     YPIM    DPNAM    DPNUM    YPNAM    YPNUM  NDCH TMAXA TMINA SRADA DAYLA   CO2A   PRCP   ETCP   ESCP   EPCP
        1      1  1  0  1 MZ MZIXM047 TEST2001 RAINFED HIGH NITROGEN            T TEST2001  2020 IB00000007 2020001 2020100     -99     -99     -99 2020001   -99       0       0       0       0     0  0.0000       0     0.0 0.000   0.0     -99     -99     -99    -990     -99     0     0     0     0     0     0     0     2    79   -99   -99     0     0   -99   -99   -99     0     0   -99   -99   -99   -99   -99   -99   -99   -99   -99     0      0      0      0      0  102965  102965     -99      -99      -99      -99      -99      -99      -99      -99      -99      -99      -99      -99      -99   -99 -99.0 -99.0   -99   -99    -99    -99    -99    -99    -99
        1      1  1  0  1 MZ MZIXM047 TEST2001 RAINFED HIGH NITROGEN            T TEST2001  2020 IB00000007 2020001 2020100     -99     -99     -99 2020001   -99       0       0       0       0     0  0.0000       0     0.0 0.000   0.0     -99     -99     -99    -990     -99     0     0     0     0     0     0     0     2    79   -99   -99     0     0   -99   -99   -99     0     0   -99   -99   -99   -99   -99   -99   -99   -99   -99     0      0      0      0      0  102965  102965     -99      -99      -99      -99      -99      -99      -99      -99      -99      -99      -99      -99      -99   -99 -99.0 -99.0   -99   -99    -99    -99    -99    -99    -99
