*EVALUATION : EXPT0001EX                                                              DSSAT Cropping System Model Ver. 4.7.5.042   -develop    JAN 20, 2022; 15:55:41

@RUN EXCODE        TN RN CR   ADAPS   ADAPM   PD1PS   PD1PM   PDFPS   PDFPM   MDAPS   MDAPM   HWAMS   HWAMM   PWAMS   PWAMM   H#AMS   H#AMM   HWUMS   HWUMM   H#UMS   H#UMM   CWAMS   CWAMM   BWAMS   BWAMM   LAIXS   LAIXM   HIAMS   HIAMM   THAMS   THAMM   GNAMS   GNAMM   CNAMS   CNAMM   SNAMS   SNAMM   GN%MS   GN%MM   CWAAS   CWAAM   CNAAS   CNAAM   L#SMS   L#SMM   EDAPS   EDAPM
   1 EXPT0001EX     1  1 MZ      73     -99     -99     -99     -99     -99     -99     -99   10183     -99     -99     -99    4961     -99  0.2053     -99   583.7     -99   20024     -99    9901     -99    4.35     -99   0.509     -99     -99     -99       0     -99       0     -99       0     -99     0.0     -99   10242     -99       0     -99   15.76     -99       9     -99

@RUN EXCODE        TN RN CR   ADAPS   ADAPM   PD1PS   PD1PM   PDFPS   PDFPM   MDAPS   MDAPM   HWAMS   HWAMM   PWAMS   PWAMM   H#AMS   H#AMM   HWUMS   HWUMM   H#UMS   H#UMM   CWAMS   CWAMM   BWAMS   BWAMM   LAIXS   LAIXM   HIAMS   HIAMM   THAMS   THAMM   GNAMS   GNAMM   CNAMS   CNAMM   SNAMS   SNAMM   GN%MS   GN%MM   CWAAS   CWAAM   CNAAS   CNAAM   L#SMS   L#SMM   EDAPS   EDAPM
   1 EXPT0001EX     1  1 MZ      73     -99     -99     -99     -99     -99     -99     -99   10183     -99     -99     -99    4961     -99  0.2053     -99   583.7     -99   20024     -99    9901     -99    4.35     -99   0.509     -99     -99     -99       0     -99       0     -99       0     -99     0.0     -99   10242     -99       0     -99   15.76     -99       9     -99
