 NREP  EXP  TRT  NYR FILEX        DESCRIPTION
    1    1    1    1 EXPT0001.EXP
