        1      1  1  0  1 MZ MZIXM047 EXPT0001 RAINFED HIGH NITROGEN            T UFGA8201  1982 TEST000001              -99             -99       -99 1982001 1982056 1982065 1982129     -99 1982176    1982   -99   20024   10183   10183       0 12579  0.2053    5078   583.7 0.509   4.3     -99     -99     -99     -99     -99     0     0   898   522   305   216   187    36   205   -99   -99     0     0   -99   -99   -99     0     0   -99   -99   -99   -99   -99   -99   -99   -99   -99     0      0      0      0      0  306384  306384     -99     32.1     48.4     65.6      -99     16.3     24.6     33.4      -99      -99      -99      -99      -99   120  29.0  15.5  18.3  12.9  340.9  623.3  413.8  112.2  305.2
