*EVALUATION : TEST0001EX                                                              DSSAT Cropping System Model Ver. 4.7.5.042   -develop    NOV 25, 2021; 10:20:41

@RUN EXCODE        TN RN CR   ADAPS   ADAPM   PD1PS   PD1PM   PDFPS   PDFPM   MDAPS   MDAPM   HWAMS   HWAMM   PWAMS   PWAMM   H#AMS   H#AMM   HWUMS   HWUMM   H#UMS   H#UMM   CWAMS   CWAMM   BWAMS   BWAMM   LAIXS   LAIXM   HIAMS   HIAMM   THAMS   THAMM   GNAMS   GNAMM   CNAMS   CNAMM   SNAMS   SNAMM   GN%MS   GN%MM   CWAAS   CWAAM   CNAAS   CNAAM   L#SMS   L#SMM   EDAPS   EDAPM
   1 TEST0001EX     1  1 MZ      73     -99     -99     -99     -99     -99     -99     -99    3097     -99     -99     -99    1171     -99  0.2644     -99   210.7     -99    7752     -99    5115     -99    3.25     -99   0.400     -99     -99     -99       0     -99       0     -99       0     -99     0.0     -99    5518     -99       0     -99   15.76     -99       9     -99
