*SUMMARY : TEST0001EX                                                              DSSAT Cropping System Model Ver. 4.7.5.042   -develop    NOV 25, 2021; 10:20:41

!IDENTIFIERS......................... EXPERIMENT AND TREATMENT.......... SITE INFORMATION............................................................. DATES..................................................  DRY WEIGHT, YIELD AND YIELD COMPONENTS........................................   FRESH WEIGHT.........................  WATER...............................................  NITROGEN..................................................  PHOSPHORUS............  POTASSIUM.............  ORGANIC MATTER..........................................    WATER PRODUCTIVITY..................................................    NITROGEN PRODUCTIVITY...........  SEASONAL ENVIRONMENTAL DATA (Planting to harvest)..............
@   RUNNO   TRNO R# O# P# CR MODEL... EXNAME.. TNAM..................... FNAM.... WSTA.... WYEAR SOIL_ID... LATI............ LONG........... ELEV.....    SDAT    PDAT    EDAT    ADAT    MDAT    HDAT   HYEAR  DWAP    CWAM    HWAM    HWAH    BWAH  PWAM    HWUM    H#AM    H#UM  HIAM  LAIX   FCWAM   FHWAM   HWAHF   FBWAH   FPWAM  IR#M  IRCM  PRCM  ETCM  EPCM  ESCM  ROCM  DRCM  SWXM  NI#M  NICM  NFXM  NUCM  NLCM  NIAM NMINC  CNAM  GNAM N2OEC  PI#M  PICM  PUPC  SPAM  KI#M  KICM  KUPC  SKAM  RECM  ONTAM   ONAM  OPTAM   OPAM   OCTAM    OCAM   CO2EC    DMPPM    DMPEM    DMPTM    DMPIM     YPPM     YPEM     YPTM     YPIM    DPNAM    DPNUM    YPNAM    YPNUM  NDCH TMAXA TMINA SRADA DAYLA   CO2A   PRCP   ETCP   ESCP   EPCP
        1      1  1  0  1 MZ MZIXM047 TEST0001 RAINFED HIGH NITROGEN            T UFGA8201  1982 IBMZ910014              -99             -99       -99 1982001 1982056 1982065 1982129     -99 1982176    1982   -99    7752    3097    3097       0  3245  0.2644    2002   210.7 0.400   3.3     -99     -99     -99     -99     -99     0     0   898   394   183   211    57   418   181   -99   -99     0     0   -99   -99   -99     0     0   -99   -99   -99   -99   -99   -99   -99   -99   -99     0      0      0      0      0   86841   86841     -99     12.4     25.5     42.4      -99      5.0     10.2     16.9      -99      -99      -99      -99      -99   120  29.0  15.5  18.3  12.9  340.9  623.3  304.2  123.6  182.8
